com\hospital\repository\PatientRepository.class
com\hospital\security\jwt\UserTokenFilter.class
com\hospital\model\User.class
com\hospital\security\services\UserDetailsImpl.class
com\hospital\model\Patient.class
com\hospital\payload\request\SignupRequest.class
com\hospital\security\services\UserDetailsServiceImpl.class
com\hospital\controller\UserController.class
com\hospital\HospitalApplication.class
com\hospital\config\SecurityConfig.class
com\hospital\payload\response\MessageResponse.class
com\hospital\model\Doctor.class
com\hospital\repository\DoctorRepository.class
com\hospital\config\WebSecurityConfig.class
com\hospital\controller\DoctorController.class
com\hospital\model\Role.class
com\hospital\controller\PatientController.class
com\hospital\payload\response\JwtResponse.class
com\hospital\service\UserService.class
com\hospital\service\DoctorService.class
com\hospital\repository\UserRepository.class
com\hospital\service\PatientService.class
com\hospital\security\jwt\JwtUtils.class
com\hospital\security\jwt\UserEntryPointJwt.class
